
R version 4.1.2 (2021-11-01) -- "Bird Hippie"
Copyright (C) 2021 The R Foundation for Statistical Computing
Platform: x86_64-apple-darwin17.0 (64-bit)

R is free software and comes with ABSOLUTELY NO WARRANTY.
You are welcome to redistribute it under certain conditions.
Type 'license()' or 'licence()' for distribution details.

  Natural language support but running in an English locale

R is a collaborative project with many contributors.
Type 'contributors()' for more information and
'citation()' on how to cite R or R packages in publications.

Type 'demo()' for some demos, 'help()' for on-line help, or
'help.start()' for an HTML browser interface to help.
Type 'q()' to quit R.

[R.app GUI 1.77 (8007) x86_64-apple-darwin17.0]

[History restored from /Users/meshajones/.Rapp.history]

> setwd("/Users/meshajones/desktop/")
> library(affy)
Loading required package: BiocGenerics

Attaching package: ‘BiocGenerics’

The following objects are masked from ‘package:stats’:

    IQR, mad, sd, var, xtabs

The following objects are masked from ‘package:base’:

    anyDuplicated, append, as.data.frame, basename, cbind, colnames,
    dirname, do.call, duplicated, eval, evalq, Filter, Find, get,
    grep, grepl, intersect, is.unsorted, lapply, Map, mapply, match,
    mget, order, paste, pmax, pmax.int, pmin, pmin.int, Position,
    rank, rbind, Reduce, rownames, sapply, setdiff, sort, table,
    tapply, union, unique, unsplit, which.max, which.min

Loading required package: Biobase
Welcome to Bioconductor

    Vignettes contain introductory material; view with
    'browseVignettes()'. To cite Bioconductor, see
    'citation("Biobase")', and for packages 'citation("pkgname")'.

> eset <- ReadAffy()
> boxplot(eset)
Warning messages:
1: replacing previous import ‘AnnotationDbi::tail’ by ‘utils::tail’ when loading ‘hgu95av2cdf’ 
2: replacing previous import ‘AnnotationDbi::head’ by ‘utils::head’ when loading ‘hgu95av2cdf’ 
> eset_Norm <- mas5(eset)
background correction: mas 
PM/MM correction : mas 
expression values: mas 
background correcting...done.
12625 ids to be processed
|                    |
|####################|
> mas5 <- exprs(eset_Norm)
> boxplot(rma)
Error in sort.int(x, na.last = na.last, decreasing = decreasing, ...) : 
  'x' must be atomic
In addition: Warning messages:
1: In is.na(x) : is.na() applied to non-(list or vector) of type 'closure'
2: In is.na(x) : is.na() applied to non-(list or vector) of type 'closure'
> 